1790329790209	geckodriver	INFO	Listening on 127.0.0.1:53501
1790329793353	mozrunner::runner	INFO	Running command: "C:\\Users\\dell\\.cache\\selenium\\firefox\\win64\\156.0.1\\firefox.exe" "--marionette" "--remote-debugging ... 02" "--remote-allow-hosts" "localhost" "-no-remote" "-profile" "C:\\Users\\dell\\AppData\\Local\\Temp\\rust_mozprofile1mvrRE"
Dynamically enable window occlusion 0
1790329793654	Marionette	INFO	Marionette enabled
1790329793745	Marionette	INFO	Listening on port 53529
WebDriver BiDi listening on ws://127.0.0.1:53502
Read port: 53529
1790329793865	RemoteAgent	WARN	TLS certificate errors will be ignored for this session
[ERROR shell_windows::taskbar::shortcut] Error matching shortcut: Error { code: HRESULT(0x80004005), message: "Erreur non spécifiée" }
[ERROR shell_windows::taskbar::shortcut] Error matching shortcut: Error { code: HRESULT(0x80004005), message: "Erreur non spécifiée" }
[ERROR shell_windows::taskbar::shortcut] Error matching shortcut: Error { code: HRESULT(0x80004005), message: "Erreur non spécifiée" }
console.warn: LoginRecipes: "Falling back to a synchronous message for: https://ssid-testing-agency.github.io."
console.warn: LoginRecipes: "Falling back to a synchronous message for: https://ssid-testing-agency.github.io."
1790329798767	Marionette	INFO	Stopped listening on port 53529
JavaScript error: resource://messaging-system/lib/SpecialMessageActions.sys.mjs, line 860: TypeError: can't access property "documentGlobal", browser is undefined
console.error: RSLoader: 
  Failed to retrieve recipes from Remote Settings
  Message: Error: Could not sync nimbus-secure-experiments: get-exception
  Stack:
    RemoteSettingsSyncError@resource://nimbus/lib/RemoteSettingsExperimentLoader.sys.mjs:1426:5
getRecipesFromCollection@resource://nimbus/lib/RemoteSettingsExperimentLoader.sys.mjs:698:13
observe@resource://gre/modules/AsyncShutdown.sys.mjs:586:17
quit@chrome://remote/content/shared/Browser.sys.mjs:102:22
quit@chrome://remote/content/marionette/driver.sys.mjs:2927:44
dispatch@chrome://remote/content/marionette/server.sys.mjs:317:49
execute@chrome://remote/content/marionette/server.sys.mjs:289:16
onPacket/<@chrome://remote/content/marionette/server.sys.mjs:262:20
onPacket@chrome://remote/content/marionette/server.sys.mjs:263:9
_onJSONObjectReady/<@chrome://remote/content/marionette/transport.sys.mjs:493:20

JavaScript error: resource://gre/modules/PrivateBrowsingUtils.sys.mjs, line 50: TypeError: can't access property "QueryInterface", aWindow.docShell is null
Dynamically enable window occlusion 1
JavaScript error: resource://gre/modules/UrlClassifierListManager.sys.mjs, line 627: NS_ERROR_NOT_INITIALIZED: Component returned failure code: 0xc1f30001 (NS_ERROR_NOT_INITIALIZED) [nsIUrlClassifierDBService.getTables]
