1790331489460	geckodriver	INFO	Listening on 127.0.0.1:61516
1790331492567	mozrunner::runner	INFO	Running command: "C:\\Users\\dell\\.cache\\selenium\\firefox\\win64\\156.0.1\\firefox.exe" "--marionette" "--remote-debugging ... 17" "--remote-allow-hosts" "localhost" "-no-remote" "-profile" "C:\\Users\\dell\\AppData\\Local\\Temp\\rust_mozprofileprRia6"
Dynamically enable window occlusion 0
1790331492884	Marionette	INFO	Marionette enabled
1790331492970	Marionette	INFO	Listening on port 61537
Read port: 61537
WebDriver BiDi listening on ws://127.0.0.1:61517
1790331493021	RemoteAgent	WARN	TLS certificate errors will be ignored for this session
[ERROR shell_windows::taskbar::shortcut] Error matching shortcut: Error { code: HRESULT(0x80004005), message: "Erreur non spécifiée" }
[ERROR shell_windows::taskbar::shortcut] Error matching shortcut: Error { code: HRESULT(0x80004005), message: "Erreur non spécifiée" }
[ERROR shell_windows::taskbar::shortcut] Error matching shortcut: Error { code: HRESULT(0x80004005), message: "Erreur non spécifiée" }
console.error: "Experiment desktop-release-rollout-show-relay-to-all-browsers-next-sign-up-modal-cta has unknown featureId: email-autocomplete-relay"
console.error: "Experiment visual-card-updates has unknown featureId: newtabRefinedCardsLayout"
console.error: "Experiment enable-nimbus-unenrollment-synchronization has unknown featureId: nimbusStore"
console.error: "Experiment private-window-visual-refresh-design-change-only has unknown featureId: feltPrivacy"
[ERROR shell_windows::taskbar::shortcut] Error matching shortcut: Error { code: HRESULT(0x80004005), message: "Erreur non spécifiée" }
console.warn: LoginRecipes: "Falling back to a synchronous message for: https://ssid-testing-agency.github.io."
console.warn: LoginRecipes: "Falling back to a synchronous message for: https://ssid-testing-agency.github.io."
1790331497973	Marionette	INFO	Stopped listening on port 61537
JavaScript error: resource://gre/modules/PrivateBrowsingUtils.sys.mjs, line 50: TypeError: can't access property "QueryInterface", aWindow.docShell is null
Dynamically enable window occlusion 1
